测试自然语言输出